otsorundscore.olutechsys.com	homepage-be
otsorundscore.olutech.systems	homepage-be
portainer.olutechsys.com	portainer-be
portainer.olutech.systems	portainer-be
portainer.otsorundscore.olutechsys.com	portainer-be
portainer.otsorundscore.olutech.systems	portainer-be
dozzle.olutechsys.com	dozzle-be
dozzle.olutech.systems	dozzle-be
dozzle.otsorundscore.olutechsys.com	dozzle-be
dozzle.otsorundscore.olutech.systems	dozzle-be
tools.olutechsys.com	ittools-be
tools.olutech.systems	ittools-be
tools.otsorundscore.olutechsys.com	ittools-be
tools.otsorundscore.olutech.systems	ittools-be
search.olutechsys.com	searxng-be
search.olutech.systems	searxng-be
search.otsorundscore.olutechsys.com	searxng-be
search.otsorundscore.olutech.systems	searxng-be
ai.olutechsys.com	openwebui-be
ai.olutech.systems	openwebui-be
ai.otsorundscore.olutechsys.com	openwebui-be
ai.otsorundscore.olutech.systems	openwebui-be
docs.olutechsys.com	codexdocs-be
docs.olutech.systems	codexdocs-be
docs.otsorundscore.olutechsys.com	codexdocs-be
docs.otsorundscore.olutech.systems	codexdocs-be
adminer.olutechsys.com	adminer-be
adminer.olutech.systems	adminer-be
adminer.otsorundscore.olutechsys.com	adminer-be
adminer.otsorundscore.olutech.systems	adminer-be
code.olutechsys.com	codeserver-be
code.olutech.systems	codeserver-be
code.otsorundscore.olutechsys.com	codeserver-be
code.otsorundscore.olutech.systems	codeserver-be
pma.olutechsys.com	phpmyadmin-be
pma.olutech.systems	phpmyadmin-be
pma.otsorundscore.olutechsys.com	phpmyadmin-be
pma.otsorundscore.olutech.systems	phpmyadmin-be
resume.olutechsys.com	openresume-be
resume.olutech.systems	openresume-be
resume.otsorundscore.olutechsys.com	openresume-be
resume.otsorundscore.olutech.systems	openresume-be
hcld.otsorundscore.olutechsys.com	hcld-be
hcld.otsorundscore.olutech.systems	hcld-be
psu.otsorundscore.olutechsys.com	psu-be
psu.otsorundscore.olutech.systems	psu-be
dockge.olutechsys.com	dockge-be
dockge.olutech.systems	dockge-be
dockge.otsorundscore.olutechsys.com	dockge-be
dockge.otsorundscore.olutech.systems	dockge-be
